# processing file 'example_traces/simple_dump_unexpected-check.trace' ...
        # processing file 'example_traces/simple_dump-int.trace' ...
        @type trace
     3: dump-result "/"
           "/"|D|0
           "/oooOOOOOoooo"|D|1
        end dump-result
# 
#         "/"|D|0
# 
# 
# Error:      3: dump-result "/"
#            "/"|D|0
#            "/oooOOOOOoooo"|D|1
#         end dump-result
#    
#    comparison of dump-results failed:
#       unexpected entry: /oooOOOOOoooo
# 
# 

# trace not accepted
# processing file 'example_traces/simple_dump_unexpected-check.trace' failed
