# processing file 'example_traces/unexpected-check.trace' ...
        # processing file 'example_traces/os_trace1-int.trace' ...
        @type trace
     3: open "/ooOOoo" [O_RDONLY] 0o000
     4: Tau
     5: RV_num(3)
# 
# Error:      5: RV_num(3)
#    unexpected results: RV_num(3)
#    allowed are only: ENOENT
#    continuing execution with ENOENT

# trace not accepted
# processing file 'example_traces/unexpected-check.trace' failed
